
> journey-lite@0.1.0 import:journeylite-blog
> tsx scripts/import-journeylite-blog-to-sanity.ts --create-drafts

[2026-05-21T17:45:04.395Z] Importing 451 posts into Sanity
[2026-05-21T17:45:04.395Z] Project: 44pkofuy / production
[2026-05-21T17:45:06.294Z] Created draft: drafts.jl-blog-1000-off-self-pay-gastric-sleeve
[2026-05-21T17:45:07.895Z] Created draft: drafts.jl-blog-1000-off
[2026-05-21T17:45:09.310Z] Created draft: drafts.jl-blog-125-pounds-down-jennifers-vsg-before-and-after-story
[2026-05-21T17:45:10.880Z] Created draft: drafts.jl-blog-181
[2026-05-21T17:45:12.323Z] Created draft: drafts.jl-blog-2025-weight-loss-specials
[2026-05-21T17:45:13.862Z] Created draft: drafts.jl-blog-215
[2026-05-21T17:45:15.345Z] Created draft: drafts.jl-blog-24-hour-clear-liquid-diet
[2026-05-21T17:45:16.947Z] Created draft: drafts.jl-blog-282
[2026-05-21T17:45:18.358Z] Created draft: drafts.jl-blog-298
[2026-05-21T17:45:19.955Z] Created draft: drafts.jl-blog-29th-annual-meeting-of-the-american-society-of-metabolic-and-bariatric-surgery
[2026-05-21T17:45:21.432Z] Created draft: drafts.jl-blog-3-and-2
[2026-05-21T17:45:22.978Z] Created draft: drafts.jl-blog-308
[2026-05-21T17:45:24.392Z] Created draft: drafts.jl-blog-495
[2026-05-21T17:45:25.914Z] Created draft: drafts.jl-blog-5-and-1-diet
[2026-05-21T17:45:27.402Z] Created draft: drafts.jl-blog-5-myths-about-obesity
[2026-05-21T17:45:29.444Z] Created draft: drafts.jl-blog-5-new-weight-loss-options-for-2015
[2026-05-21T17:45:31.025Z] Created draft: drafts.jl-blog-5-reasons-weight-loss-surgery-beats-glp-1s
[2026-05-21T17:45:32.450Z] Created draft: drafts.jl-blog-74-pounds-down-and-a-lifetime-ahead-heathers-gastric-sleeve-success-story
[2026-05-21T17:45:32.959Z] FAILED to import a-legacy-of-weight-loss-success-journeylites-20-year-history-of-bariatric-excellence: Error: Mutation failed: Document by ID "drafts.jl-blog-a-legacy-of-weight-loss-success-journeylites-20-year-history-of-bariatric-excellence" already exists (traceId: ef822dbb9472c0c50affce1a1256ba90):
- Document by ID "drafts.jl-blog-a-legacy-of-weight-loss-success-journeylites-20-year-history-of-bariatric-excellence" already exists
[2026-05-21T17:45:34.470Z] Created draft: drafts.jl-blog-activity-exercise-after-weight-loss-surgery
[2026-05-21T17:45:36.045Z] Created draft: drafts.jl-blog-alexas-gastric-sleeve-before-and-after-testimonial
[2026-05-21T17:45:37.471Z] Created draft: drafts.jl-blog-alicias-vsg-before-and-after-story-at-journeylite
[2026-05-21T17:45:39.080Z] Created draft: drafts.jl-blog-alisa-gastric-sleeve-success-story
[2026-05-21T17:45:40.489Z] Created draft: drafts.jl-blog-allergens
[2026-05-21T17:45:42.089Z] Created draft: drafts.jl-blog-allurion-gastric-balloon-cost-offer
[2026-05-21T17:45:44.128Z] Created draft: drafts.jl-blog-allurion-swallowable-gastric-balloon
[2026-05-21T17:45:45.529Z] Created draft: drafts.jl-blog-alonas-vsg-before-and-after-story
[2026-05-21T17:45:47.121Z] Created draft: drafts.jl-blog-announcing-wednesday-office-hours-northern-kentucky-office
[2026-05-21T17:45:49.155Z] Created draft: drafts.jl-blog-apollo-endosurgery-inc-announces-fda-approval-of-the-orbera-gastric-balloon-a-non-surgical-solut
[2026-05-21T17:45:50.558Z] Created draft: drafts.jl-blog-article-about-nutritional-for-plastic-surgery
[2026-05-21T17:45:52.151Z] Created draft: drafts.jl-blog-asian-lettuce-wraps
[2026-05-21T17:45:53.604Z] Created draft: drafts.jl-blog-atomic-habits-explained
[2026-05-21T17:45:55.181Z] Created draft: drafts.jl-blog-audreys-gastric-sleeve-vsg-before-and-after-story
[2026-05-21T17:45:56.609Z] Created draft: drafts.jl-blog-back-to-school-semaglutide-special-at-journeylite
[2026-05-21T17:45:58.199Z] Created draft: drafts.jl-blog-band-to-sleeve-conversion
[2026-05-21T17:45:59.636Z] Created draft: drafts.jl-blog-bariatric-surgery-10-healthy-habits
[2026-05-21T17:46:01.257Z] Created draft: drafts.jl-blog-bariatric-surgery-vs-glp-1s-which-is-better
[2026-05-21T17:46:02.644Z] Created draft: drafts.jl-blog-bariatric-surgery-yields-5x-more-weight-loss-than-glp-1
[2026-05-21T17:46:04.229Z] Created draft: drafts.jl-blog-belviq-new-weight-loss-drug-prescribed-in-cincinnati-dayton-and-columbus
[2026-05-21T17:46:05.650Z] Created draft: drafts.jl-blog-bens-gastric-sleeve-before-and-after-story
[2026-05-21T17:46:07.269Z] Created draft: drafts.jl-blog-best-glp-1-alternatives
[2026-05-21T17:46:08.688Z] Created draft: drafts.jl-blog-billing-policy
[2026-05-21T17:46:10.276Z] Created draft: drafts.jl-blog-bland-diet
[2026-05-21T17:46:11.696Z] Created draft: drafts.jl-blog-block-tc-tp-raintree
[2026-05-21T17:46:13.291Z] Created draft: drafts.jl-blog-bloodwork-duodenal-switchsips
[2026-05-21T17:46:14.713Z] Created draft: drafts.jl-blog-bloodwork-gastric-bypass
[2026-05-21T17:46:16.307Z] Created draft: drafts.jl-blog-bloodwork-gastric-sleeve
[2026-05-21T17:46:18.255Z] Created draft: drafts.jl-blog-blue-cross-blue-shield-bcbs-weight-loss-surgery-coverage-updates
[2026-05-21T17:46:19.742Z] Created draft: drafts.jl-blog-bobbys-vsg-before-and-after-story
[2026-05-21T17:46:21.334Z] Created draft: drafts.jl-blog-body-contouring-after-weight-loss
[2026-05-21T17:46:22.749Z] Created draft: drafts.jl-blog-breadless-stuffing
[2026-05-21T17:46:24.349Z] Created draft: drafts.jl-blog-breaking-a-plateau-after-weight-loss-surgery
[2026-05-21T17:46:25.851Z] Created draft: drafts.jl-blog-cabin
[2026-05-21T17:46:27.430Z] Created draft: drafts.jl-blog-caffeine
[2026-05-21T17:46:29.316Z] Created draft: drafts.jl-blog-calcium
[2026-05-21T17:46:30.794Z] Created draft: drafts.jl-blog-callies-vsg-before-and-after-story
[2026-05-21T17:46:32.387Z] Created draft: drafts.jl-blog-candy
[2026-05-21T17:46:33.817Z] Created draft: drafts.jl-blog-carbohydrate-facts
[2026-05-21T17:46:34.763Z] FAILED to import carbonated-drinks-after-bariatric-surgery: Error: Mutation failed: Document by ID "drafts.jl-blog-carbonated-drinks-after-bariatric-surgery" already exists (traceId: a19eb8f1896a90cf2c65835985d3b106):
- Document by ID "drafts.jl-blog-carbonated-drinks-after-bariatric-surgery" already exists
[2026-05-21T17:46:36.346Z] Created draft: drafts.jl-blog-carbonation
[2026-05-21T17:46:37.910Z] Created draft: drafts.jl-blog-chrissys-gastric-sleeve-before-and-after-story
[2026-05-21T17:46:39.485Z] Created draft: drafts.jl-blog-christ-hospital-pre-operative-instructions
[2026-05-21T17:46:40.848Z] Created draft: drafts.jl-blog-christ-hospital-recommended-hotel
[2026-05-21T17:46:42.442Z] Created draft: drafts.jl-blog-christies-vsg-before-and-after-testimonial
[2026-05-21T17:46:44.464Z] Created draft: drafts.jl-blog-cleveland-clinic-m6-bariatric-surgery-vs-glp1
[2026-05-21T17:46:45.896Z] Created draft: drafts.jl-blog-cleveland-clinic-study
[2026-05-21T17:46:47.473Z] Created draft: drafts.jl-blog-cms-medicare-approves-sleeve-gastrectomy
[2026-05-21T17:46:48.921Z] Created draft: drafts.jl-blog-compounded-liraglutide-injection-instructions-maintenance
[2026-05-21T17:46:50.508Z] Created draft: drafts.jl-blog-compounded-liraglutide-injection-instructions-month-one
[2026-05-21T17:46:51.927Z] Created draft: drafts.jl-blog-compounded-liraglutide-saxenda-injections-now-available-at-journeylite
[2026-05-21T17:46:53.523Z] Created draft: drafts.jl-blog-compounded-semaglutide-injection-instructions-0-5mg
[2026-05-21T17:46:54.943Z] Created draft: drafts.jl-blog-compounded-semaglutide-injection-instructions-1-5-2-2-5
[2026-05-21T17:46:56.539Z] Created draft: drafts.jl-blog-compounded-semaglutide-injection-instructions-1mg
[2026-05-21T17:46:57.959Z] Created draft: drafts.jl-blog-compounded-semaglutide-injection-instructions-2-5mg
[2026-05-21T17:46:59.564Z] Created draft: drafts.jl-blog-compounded-semaglutide-injection-instructions
[2026-05-21T17:47:00.980Z] Created draft: drafts.jl-blog-compounded-sublingual-semaglutide-18-mg
[2026-05-21T17:47:02.551Z] Created draft: drafts.jl-blog-compounded-sublingual-semaglutide-30-mg
[2026-05-21T17:47:03.996Z] Created draft: drafts.jl-blog-compounded-sublingual-semaglutide-45-mg
[2026-05-21T17:47:05.520Z] Created draft: drafts.jl-blog-compounded-sublingual-semaglutide-60-mg
[2026-05-21T17:47:07.078Z] Created draft: drafts.jl-blog-compounded-sublingual-semaglutide-75-mg
[2026-05-21T17:47:08.652Z] Created draft: drafts.jl-blog-compounded-sublingual-semaglutide-and-tirzepatide-drops-a-new-frontier-in-weight-management-at-j
[2026-05-21T17:47:10.183Z] Created draft: drafts.jl-blog-compounded-sublingual-tirzepatide-120-mg
[2026-05-21T17:47:11.635Z] Created draft: drafts.jl-blog-compounded-sublingual-tirzepatide-150-mg
[2026-05-21T17:47:13.114Z] Created draft: drafts.jl-blog-compounded-sublingual-tirzepatide-225-mg
[2026-05-21T17:47:14.646Z] Created draft: drafts.jl-blog-compounded-sublingual-tirzepatide-300-mg
[2026-05-21T17:47:16.182Z] Created draft: drafts.jl-blog-compounded-sublingual-tirzepatide-375-mg
[2026-05-21T17:47:17.659Z] Created draft: drafts.jl-blog-compounded-sublingual-tirzepatide-450-mg
[2026-05-21T17:47:19.149Z] Created draft: drafts.jl-blog-compounded-sublingual-tirzepatide-90-mg
[2026-05-21T17:47:20.685Z] Created draft: drafts.jl-blog-compounded-tirzepatide-injection-instructions-phase-1-month-2
[2026-05-21T17:47:22.158Z] Created draft: drafts.jl-blog-compounded-tirzepatide-injection-instructions-phase-2-month-1
[2026-05-21T17:47:23.700Z] Created draft: drafts.jl-blog-compounded-tirzepatide-injection-instructions-phase-2-month-2
[2026-05-21T17:47:25.184Z] Created draft: drafts.jl-blog-compounded-tirzepatide-injection-instructions-phase-3-month-1
[2026-05-21T17:47:26.715Z] Created draft: drafts.jl-blog-compounded-tirzepatide-injection-instructions-phase-3-month-2
[2026-05-21T17:47:28.241Z] Created draft: drafts.jl-blog-compounded-tirzepatide-injection-instructions
[2026-05-21T17:47:29.814Z] Created draft: drafts.jl-blog-constipation-after-weight-loss-surgery-medical-weight-loss
[2026-05-21T17:47:31.212Z] Created draft: drafts.jl-blog-copper
[2026-05-21T17:47:32.755Z] Created draft: drafts.jl-blog-course-post-op-diet
[2026-05-21T17:47:34.236Z] Created draft: drafts.jl-blog-covid-19-and-obesity-cdc-guidelines
[2026-05-21T17:47:35.774Z] Created draft: drafts.jl-blog-crushing-medications-after-weight-loss-surgery
[2026-05-21T17:47:37.244Z] Created draft: drafts.jl-blog-crust-less-low-carb-pizza
[2026-05-21T17:47:38.790Z] Created draft: drafts.jl-blog-dayton-tuesdays-thursdays-virtual-fridays-live
[2026-05-21T17:47:40.299Z] Created draft: drafts.jl-blog-diabetes-is-it-now-a-surgical-disease
[2026-05-21T17:47:41.871Z] Created draft: drafts.jl-blog-diabetes-walk
[2026-05-21T17:47:43.268Z] Created draft: drafts.jl-blog-diabetes-weight-loss-surgery-and-sglt2-inhibitors
[2026-05-21T17:47:44.821Z] Created draft: drafts.jl-blog-diabetes
[2026-05-21T17:47:46.296Z] Created draft: drafts.jl-blog-did-you-know-that-your-weight-loss-1-month-after-surgery-predicts-your-long-term-success
[2026-05-21T17:47:47.848Z] Created draft: drafts.jl-blog-digestion-hormones-and-hunger-understanding-the-science-behind-cravings-and-satiety
[2026-05-21T17:47:49.315Z] Created draft: drafts.jl-blog-do-i-have-coverage-for-saxenda
[2026-05-21T17:47:50.882Z] Created draft: drafts.jl-blog-do-i-have-coverage-for-weight-loss-surgery
[2026-05-21T17:47:52.357Z] Created draft: drafts.jl-blog-does-insurance-cover-weight-loss-surgery
[2026-05-21T17:47:53.930Z] Created draft: drafts.jl-blog-does-the-hcg-diet-work
[2026-05-21T17:47:55.384Z] Created draft: drafts.jl-blog-dr-james-augusta
[2026-05-21T17:47:56.899Z] Created draft: drafts.jl-blog-drug-shoppe
[2026-05-21T17:47:58.420Z] Created draft: drafts.jl-blog-dual-or-single-intra-gastric-balloons-reshape-vs-orbera
[2026-05-21T17:47:59.923Z] Created draft: drafts.jl-blog-eating-after-bariatric-surgery-avoiding-the-traffic-jam
[2026-05-21T17:48:01.437Z] Created draft: drafts.jl-blog-eating-vs-burning-calories-why-weight-loss-is-harder-than-it-looks
[2026-05-21T17:48:02.936Z] Created draft: drafts.jl-blog-eli-lillys-new-single-dose-zepbound-vials-a-more-cost-effective-solution-for-patients
[2026-05-21T17:48:04.466Z] Created draft: drafts.jl-blog-elipse-gastric-balloon
[2026-05-21T17:48:05.991Z] Created draft: drafts.jl-blog-end-of-schoolendlessly-busy-nights
[2026-05-21T17:48:07.562Z] Created draft: drafts.jl-blog-endoscopic-sleeve-gastroplasty-a-new-tool
[2026-05-21T17:48:08.980Z] Created draft: drafts.jl-blog-esg
[2026-05-21T17:48:10.496Z] Created draft: drafts.jl-blog-exercise-and-weight-loss-mindset
[2026-05-21T17:48:11.997Z] Created draft: drafts.jl-blog-expanded-columbus-office-hours
[2026-05-21T17:48:13.505Z] Created draft: drafts.jl-blog-fast-track-protein-pack-instructions
[2026-05-21T17:48:15.031Z] Created draft: drafts.jl-blog-fat-facts
[2026-05-21T17:48:16.514Z] Created draft: drafts.jl-blog-fatsecret-fitbit-partnerships
[2026-05-21T17:48:18.048Z] Created draft: drafts.jl-blog-fda-approves-2nd-weight-loss-medication-qnexa
[2026-05-21T17:48:19.621Z] Created draft: drafts.jl-blog-fda-clears-first-new-weight-loss-pill-in-13-years
[2026-05-21T17:48:21.068Z] Created draft: drafts.jl-blog-fda-removes-tirzepatide-from-shortage-list
[2026-05-21T17:48:22.546Z] Created draft: drafts.jl-blog-federal-employees-may-have-coverage-for-weight-loss-medications-qsymiabelviq
[2026-05-21T17:48:24.081Z] Created draft: drafts.jl-blog-fiber-and-weight-management
[2026-05-21T17:48:25.575Z] Created draft: drafts.jl-blog-fiber-facts
[2026-05-21T17:48:26.188Z] FAILED to import first-allurion-balloon-patients-us-results: Error: Mutation failed: Document by ID "drafts.jl-blog-first-allurion-balloon-patients-us-results" already exists (traceId: 66fbd808f1b14c97ecdcfd5bb9fbf24a):
- Document by ID "drafts.jl-blog-first-allurion-balloon-patients-us-results" already exists
[2026-05-21T17:48:26.961Z] FAILED to import first-allurion-balloon-us: Error: Mutation failed: Document by ID "drafts.jl-blog-first-allurion-balloon-us" already exists (traceId: 4313ce06e6e0b74371b7d084c0ac555a):
- Document by ID "drafts.jl-blog-first-allurion-balloon-us" already exists
[2026-05-21T17:48:28.601Z] Created draft: drafts.jl-blog-first-orbera-intra-gastric-balloon-in-ohio
[2026-05-21T17:48:30.134Z] Created draft: drafts.jl-blog-first-reshape-duo-dual-gastric-balloon-placement-in-ohio-by-dr-trace-curry
[2026-05-21T17:48:31.678Z] Created draft: drafts.jl-blog-first-stretta-in-cincinnati
[2026-05-21T17:48:33.129Z] Created draft: drafts.jl-blog-first-virtual-support-group
[2026-05-21T17:48:34.625Z] Created draft: drafts.jl-blog-fitbit-part-deux
[2026-05-21T17:48:36.164Z] Created draft: drafts.jl-blog-food-journaling
[2026-05-21T17:48:36.729Z] FAILED to import foundayo-vs-zepbound-cost-weight-loss-comparisonfoundayo-vs-zepbound-is-the-new-weight-loss-pill-better-than-the-shot: Error: Mutation failed: Document by ID "drafts.jl-blog-foundayo-vs-zepbound-cost-weight-loss-comparisonfoundayo-vs-zepbound-is-the-new-weight-loss-pill-better-than-the-" already exists (traceId: 7df1bed83fd996013d77d15600a27035):
- Document by ID "drafts.jl-blog-foundayo-vs-zepbound-cost-weight-loss-comparisonfoundayo-vs-zepbound-is-the-new-weight-loss-pill-better-than-the-" already exists
[2026-05-21T17:48:38.158Z] Created draft: drafts.jl-blog-foundayo-vs-zepbound-cost-weight-loss-comparisonfoundayo-vs-zepbound-is-the-new-weight-loss-pill
[2026-05-21T17:48:39.676Z] Created draft: drafts.jl-blog-free-november-sleeve-consult
[2026-05-21T17:48:41.178Z] Created draft: drafts.jl-blog-free-obalon-gastric-balloon-consult
[2026-05-21T17:48:42.690Z] Created draft: drafts.jl-blog-from-299-to-192-michaels-sleeve-win-with-dr-augusta
[2026-05-21T17:48:44.262Z] Created draft: drafts.jl-blog-frozen-dinners-is-there-a-good-choice
[2026-05-21T17:48:45.701Z] Created draft: drafts.jl-blog-gastric-band-fill-video
[2026-05-21T17:48:47.220Z] Created draft: drafts.jl-blog-gastric-bypass-and-smoking
[2026-05-21T17:48:48.728Z] Created draft: drafts.jl-blog-gastric-bypass-versus-gastric-sleeve-cost-benefits-and-key-differences
[2026-05-21T17:48:50.898Z] Created draft: drafts.jl-blog-gastric-sleeve-cost-explained
[2026-05-21T17:48:52.275Z] Created draft: drafts.jl-blog-gastric-sleeve-pros-and-cons-you-need-to-know
[2026-05-21T17:48:53.784Z] Created draft: drafts.jl-blog-gastric-sleeve-requirements
[2026-05-21T17:48:55.299Z] Created draft: drafts.jl-blog-general-surgery-at-journeylite
[2026-05-21T17:48:56.844Z] Created draft: drafts.jl-blog-gerd-after-weight-loss-surgery
[2026-05-21T17:48:58.322Z] Created draft: drafts.jl-blog-get-fit-fitbit
[2026-05-21T17:48:59.819Z] Created draft: drafts.jl-blog-get-tired-after-eating-lets-talk-about-why
[2026-05-21T17:49:01.336Z] Created draft: drafts.jl-blog-get-up-to-1500-of-off-the-new-obalon-swallowable-gastric-balloon
[2026-05-21T17:49:02.836Z] Created draft: drafts.jl-blog-getting-through-the-holidays
[2026-05-21T17:49:04.349Z] Created draft: drafts.jl-blog-giving-back-gatlinburg
[2026-05-21T17:49:05.875Z] Created draft: drafts.jl-blog-glp-1-pills-vs-weight-loss-surgery
[2026-05-21T17:49:07.404Z] Created draft: drafts.jl-blog-glp-1-receptor-agonists-vs-weight-loss-surgery-5-things-you-should-know-wegovy-ozempic-mounjaro
[2026-05-21T17:49:08.962Z] Created draft: drafts.jl-blog-glp1-vs-surgery-long-term-results-and-costs
[2026-05-21T17:49:10.477Z] Created draft: drafts.jl-blog-goal-this-week
[2026-05-21T17:49:11.908Z] Created draft: drafts.jl-blog-goodrx-and-adipex-phentermine-savings
[2026-05-21T17:49:13.406Z] Created draft: drafts.jl-blog-goodrx-emend
[2026-05-21T17:49:14.938Z] Created draft: drafts.jl-blog-great-news-from-caresource-coverage-for-diabetics-with-bmi-30-35
[2026-05-21T17:49:16.447Z] Created draft: drafts.jl-blog-guide-to-gastric-sleeve-recovery
[2026-05-21T17:49:17.950Z] Created draft: drafts.jl-blog-hcg-2-0-is-here
[2026-05-21T17:49:19.453Z] Created draft: drafts.jl-blog-hcg-diet-apple-day-what-is-it
[2026-05-21T17:49:20.961Z] Created draft: drafts.jl-blog-health-plans-dont-cover-weight-loss-surgery
[2026-05-21T17:49:22.535Z] Created draft: drafts.jl-blog-healthy-lifestyle-eating-plan
[2026-05-21T17:49:23.991Z] Created draft: drafts.jl-blog-heathers-gastric-bypass-before-and-after-story
[2026-05-21T17:49:26.273Z] Created draft: drafts.jl-blog-heathers-vsg-before-and-after-story
[2026-05-21T17:49:27.538Z] Created draft: drafts.jl-blog-help-expand-coverage-treatment-obesity
[2026-05-21T17:49:29.040Z] Created draft: drafts.jl-blog-high-protein-recipes
[2026-05-21T17:49:30.556Z] Created draft: drafts.jl-blog-hospital-update
[2026-05-21T17:49:32.063Z] Created draft: drafts.jl-blog-how-do-you-start-adipex-phentermine
[2026-05-21T17:49:33.576Z] Created draft: drafts.jl-blog-how-fast-is-the-weight-loss-with-adipex-phentermine
[2026-05-21T17:49:35.117Z] Created draft: drafts.jl-blog-how-many-calories-in-a-starbucks-caramel-frappuccino
[2026-05-21T17:49:36.689Z] Created draft: drafts.jl-blog-how-to-achieve-success-after-weight-loss-surgery-the-three-ms
[2026-05-21T17:49:38.111Z] Created draft: drafts.jl-blog-how-to-avoid-dehydration-after-weight-loss-surgery
[2026-05-21T17:49:39.620Z] Created draft: drafts.jl-blog-how-to-decide-if-a-holiday-food-is-worth-it-after-bariatric-surgery
[2026-05-21T17:49:41.143Z] Created draft: drafts.jl-blog-how-to-meal-plan-a-step-by-step-guide
[2026-05-21T17:49:42.629Z] Created draft: drafts.jl-blog-how-to-prepare-for-your-endoscopy
[2026-05-21T17:49:44.161Z] Created draft: drafts.jl-blog-how-to-stop-weight-gain-after-bariatric-surgery
[2026-05-21T17:49:45.662Z] Created draft: drafts.jl-blog-how-when-and-what-to-eat-after-bariatric-surgery
[2026-05-21T17:49:47.181Z] Created draft: drafts.jl-blog-hydration-and-fat-metabolism
[2026-05-21T17:49:48.749Z] Created draft: drafts.jl-blog-immunospressants-steroids-after-weight-loss-surgery
[2026-05-21T17:49:50.192Z] Created draft: drafts.jl-blog-importance-of-post-op-labs
[2026-05-21T17:49:51.694Z] Created draft: drafts.jl-blog-incisional-pain-after-gastric-bypass-surgery
[2026-05-21T17:49:53.288Z] Created draft: drafts.jl-blog-information-appointment-request
[2026-05-21T17:49:54.724Z] Created draft: drafts.jl-blog-insurance-exclusions-and-weight-loss-surgery
[2026-05-21T17:49:56.259Z] Created draft: drafts.jl-blog-insurance-tips-pursuing-weight-loss-surgery-process
[2026-05-21T17:49:57.737Z] Created draft: drafts.jl-blog-interested-in-being-involved-in-a-media-interview-about-surgical-weight-loss-and-diabetes
[2026-05-21T17:49:59.278Z] Created draft: drafts.jl-blog-intra-gastric-balloon-faqs
[2026-05-21T17:50:00.808Z] Created draft: drafts.jl-blog-iron
[2026-05-21T17:50:02.380Z] Created draft: drafts.jl-blog-is-obesity-a-disease-or-merely-a-condition
[2026-05-21T17:50:03.801Z] Created draft: drafts.jl-blog-is-there-a-relationship-between-obesity-and-cancer
[2026-05-21T17:50:05.315Z] Created draft: drafts.jl-blog-is-weight-loss-surgery-tax-deductible
[2026-05-21T17:50:06.822Z] Created draft: drafts.jl-blog-jacks-gastric-sleeve-journey
[2026-05-21T17:50:09.011Z] Created draft: drafts.jl-blog-jamies-gastric-sleeve-vsg-before-and-after-story
[2026-05-21T17:50:10.370Z] Created draft: drafts.jl-blog-jenna-sleeve-success-story
[2026-05-21T17:50:11.883Z] Created draft: drafts.jl-blog-jeremiahs-vsg-before-and-after-story
[2026-05-21T17:50:13.389Z] Created draft: drafts.jl-blog-join-curry-losers
[2026-05-21T17:50:15.094Z] Created draft: drafts.jl-blog-jonathons-gastric-sleeve-vsg-before-and-after-story
[2026-05-21T17:50:16.429Z] Created draft: drafts.jl-blog-journeylite-accepts-most-insurance-plans-for-weight-loss-surgery
[2026-05-21T17:50:17.958Z] Created draft: drafts.jl-blog-journeylite-and-medtronics-new-signia-smart-stapler
[2026-05-21T17:50:19.442Z] Created draft: drafts.jl-blog-journeylite-and-transcarent-inc-partner-to-provide-lower-cost-weight-loss-surgery
[2026-05-21T17:50:20.982Z] Created draft: drafts.jl-blog-journeylite-featured-patient-of-the-month-6-2023
[2026-05-21T17:50:23.157Z] Created draft: drafts.jl-blog-journeylite-featured-patient-of-the-month-july-2023-teresa-t
[2026-05-21T17:50:24.924Z] Created draft: drafts.jl-blog-journeylite-first-cincinnati-sips
[2026-05-21T17:50:26.516Z] Created draft: drafts.jl-blog-journeylite-surgery-center-now-an-optum-center-of-excellence
[2026-05-21T17:50:28.069Z] Created draft: drafts.jl-blog-journeylite-the-trusted-team-for-weight-loss-surgery
[2026-05-21T17:50:30.053Z] Created draft: drafts.jl-blog-journeylite-virtual-support-group-8-29-2023-1230pm
[2026-05-21T17:50:32.062Z] Created draft: drafts.jl-blog-jp-drain-care
[2026-05-21T17:50:33.542Z] Created draft: drafts.jl-blog-justices-vsg-before-and-after-story-with-journeylite
[2026-05-21T17:50:35.073Z] Created draft: drafts.jl-blog-kandaces-vsg-before-and-after-story
[2026-05-21T17:50:36.558Z] Created draft: drafts.jl-blog-kathis-gastric-sleeve-vsg-before-and-after-back-to-the-future
[2026-05-21T17:50:38.837Z] Created draft: drafts.jl-blog-katys-vsg-before-and-after-story
[2026-05-21T17:50:40.180Z] Created draft: drafts.jl-blog-kaylas-vsg-before-and-after-story
[2026-05-21T17:50:42.051Z] Created draft: drafts.jl-blog-kellys-gastric-sleeve-success-story
[2026-05-21T17:50:43.637Z] Created draft: drafts.jl-blog-kristins-gastric-bypass-before-and-after-story
[2026-05-21T17:50:45.206Z] Created draft: drafts.jl-blog-krystals-vsg-before-and-after-story
[2026-05-21T17:50:46.721Z] Created draft: drafts.jl-blog-labs
[2026-05-21T17:50:48.241Z] Created draft: drafts.jl-blog-lantern-weight-loss-surgery-understand-your-options-page-sep-journeylite
[2026-05-21T17:50:49.749Z] Created draft: drafts.jl-blog-leslies-gastric-sleeve-before-and-after-story
[2026-05-21T17:50:51.263Z] Created draft: drafts.jl-blog-linx-procedure-for-reflux-after-gastric-sleeve
[2026-05-21T17:50:53.138Z] Created draft: drafts.jl-blog-live-orbera-gastric-balloon-placement
[2026-05-21T17:50:54.808Z] Created draft: drafts.jl-blog-live-webinar-monday-july-7th
[2026-05-21T17:50:56.385Z] Created draft: drafts.jl-blog-lovenox
[2026-05-21T17:50:57.808Z] Created draft: drafts.jl-blog-low-bmi-lap-band-study
[2026-05-21T17:50:59.300Z] Created draft: drafts.jl-blog-low-carb-cheat-sheet-2
[2026-05-21T17:51:00.826Z] Created draft: drafts.jl-blog-low-carb-cheat-sheet
[2026-05-21T17:51:02.313Z] Created draft: drafts.jl-blog-low-carb-philly-cheese-stuffed-peppers
[2026-05-21T17:51:03.842Z] Created draft: drafts.jl-blog-low-carb-snack-options
[2026-05-21T17:51:05.337Z] Created draft: drafts.jl-blog-low-impact-exercise-for-overweight-patients
[2026-05-21T17:51:06.870Z] Created draft: drafts.jl-blog-macronutrients
[2026-05-21T17:51:08.439Z] Created draft: drafts.jl-blog-making-the-commitment
[2026-05-21T17:51:09.875Z] Created draft: drafts.jl-blog-manage-call-calendar
[2026-05-21T17:51:11.373Z] Created draft: drafts.jl-blog-many-cincinnati-doctors-are-recommending-sleeve-gastrectomy-for-diabetes
[2026-05-21T17:51:12.902Z] Created draft: drafts.jl-blog-meal-logging
[2026-05-21T17:51:14.387Z] Created draft: drafts.jl-blog-meal-prep
[2026-05-21T17:51:15.924Z] Created draft: drafts.jl-blog-medical-weight-loss-consultation-175
[2026-05-21T17:51:17.426Z] Created draft: drafts.jl-blog-medical-weight-loss-what-is-it
[2026-05-21T17:51:18.946Z] Created draft: drafts.jl-blog-menu-guidelines-soft-regular-diets
[2026-05-21T17:51:20.569Z] Created draft: drafts.jl-blog-mild-sleep-apnea-and-weight-loss
[2026-05-21T17:51:21.966Z] Created draft: drafts.jl-blog-mindys-vsg-before-and-after-story
[2026-05-21T17:51:23.470Z] Created draft: drafts.jl-blog-moderate-to-severe-sleep-apnea
[2026-05-21T17:51:24.991Z] Created draft: drafts.jl-blog-modified-pre-op-diet-for-vegans
[2026-05-21T17:51:27.351Z] Created draft: drafts.jl-blog-motivation
[2026-05-21T17:51:28.990Z] Created draft: drafts.jl-blog-my-new-addiction-9round-kickboxing
[2026-05-21T17:51:30.507Z] Created draft: drafts.jl-blog-negative-sleep-apnea-test
[2026-05-21T17:51:32.031Z] Created draft: drafts.jl-blog-new-2023-ohio-rules-for-weight-loss-medications
[2026-05-21T17:51:33.595Z] Created draft: drafts.jl-blog-new-anti-obesity-compound-identified
[2026-05-21T17:51:35.011Z] Created draft: drafts.jl-blog-new-columbus-location
[2026-05-21T17:51:36.529Z] Created draft: drafts.jl-blog-new-dayton-location
[2026-05-21T17:51:38.019Z] Created draft: drafts.jl-blog-new-dayton-office-opens-tuesday-july-2nd
[2026-05-21T17:51:39.546Z] Created draft: drafts.jl-blog-new-estore-test
[2026-05-21T17:51:41.035Z] Created draft: drafts.jl-blog-new-medtronics-signia-smart-stapler
[2026-05-21T17:51:42.551Z] Created draft: drafts.jl-blog-new-nasal-hcg-option
[2026-05-21T17:51:44.063Z] Created draft: drafts.jl-blog-new-semaglutide-glp-1-pricing
[2026-05-21T17:51:45.635Z] Created draft: drafts.jl-blog-new-studies-jama-weight-loss-surgery-can-improve-diabetes
[2026-05-21T17:51:47.098Z] Created draft: drafts.jl-blog-new-study-bariatric-surgery-reduces-cancer-risk
[2026-05-21T17:51:48.577Z] Created draft: drafts.jl-blog-new-study-compares-sleeve-gastrectomy-to-gastric-bypass
[2026-05-21T17:51:50.114Z] Created draft: drafts.jl-blog-new-study-finds-weight-loss-surgery-extends-lives
[2026-05-21T17:51:51.596Z] Created draft: drafts.jl-blog-new-surgeon-new-procedure
[2026-05-21T17:51:53.129Z] Created draft: drafts.jl-blog-new-tv-spot-get-your-numbers-down
[2026-05-21T17:51:54.617Z] Created draft: drafts.jl-blog-new-years-semaglutide-special-at-journeylite
[2026-05-21T17:51:56.483Z] Created draft: drafts.jl-blog-nobody-can-afford-wegovy
[2026-05-21T17:51:58.208Z] Created draft: drafts.jl-blog-northern-kentucky-support-group
[2026-05-21T17:51:59.640Z] Created draft: drafts.jl-blog-northern-kentucky-weight-loss-surgery-support-group
[2026-05-21T17:52:01.173Z] Created draft: drafts.jl-blog-now-journeylite-physicians
[2026-05-21T17:52:02.650Z] Created draft: drafts.jl-blog-now-prescribing-new-weight-loss-drug-contrave-naltrexone-hclbupropion-hcl
[2026-05-21T17:52:04.185Z] Created draft: drafts.jl-blog-obalon-6000
[2026-05-21T17:52:05.669Z] Created draft: drafts.jl-blog-obalon-placebo-swallow
[2026-05-21T17:52:07.203Z] Created draft: drafts.jl-blog-obalon-pre-procedure-meds
[2026-05-21T17:52:08.691Z] Created draft: drafts.jl-blog-obalon-swallowable-gastric-balloon-better-together-bring-a-friend-and-get-up-to-3000-off
[2026-05-21T17:52:10.263Z] Created draft: drafts.jl-blog-obalon-swallowable-gastric-balloon-cincinnati-ohio
[2026-05-21T17:52:11.705Z] Created draft: drafts.jl-blog-obesity-caused-by-food-industry
[2026-05-21T17:52:13.227Z] Created draft: drafts.jl-blog-obesity-death-toll-under-rated
[2026-05-21T17:52:14.713Z] Created draft: drafts.jl-blog-obesity-in-america-startling-new-statistics-in-jama
[2026-05-21T17:52:16.251Z] Created draft: drafts.jl-blog-obesity-increases-risk-of-death-by-20-reduces-life-span-by-4-years
[2026-05-21T17:52:17.736Z] Created draft: drafts.jl-blog-obesity-may-shorten-life-14-years
[2026-05-21T17:52:19.265Z] Created draft: drafts.jl-blog-office-follow-up-schedule-after-weight-loss-surgery
[2026-05-21T17:52:20.771Z] Created draft: drafts.jl-blog-oral-wegovy-is-here-a-needle-free-lower-cost-option-for-powerful-weight-loss-results
[2026-05-21T17:52:22.322Z] Created draft: drafts.jl-blog-orbera-gastric-balloon
[2026-05-21T17:52:23.797Z] Created draft: drafts.jl-blog-orbera-intra-gastric-weight-loss-balloon-infosession-with-dr-trace-curry
[2026-05-21T17:52:25.307Z] Created draft: drafts.jl-blog-overstitch-transoral-endoscopic-pouch-reduction-for-weight-gain-after-gastric-bypass
[2026-05-21T17:52:26.795Z] Created draft: drafts.jl-blog-paper-gastric-balloon-accepted-asmbs
[2026-05-21T17:52:28.336Z] Created draft: drafts.jl-blog-patient-support-center-webinar-recording
[2026-05-21T17:52:29.813Z] Created draft: drafts.jl-blog-pcp-bariatric-surgery-insurance-clearance
[2026-05-21T17:52:31.354Z] Created draft: drafts.jl-blog-phentermine-vs-glp-1-weight-loss
[2026-05-21T17:52:32.850Z] Created draft: drafts.jl-blog-phentermine-vs-glp-1s-lower-cost-weight-loss-options
[2026-05-21T17:52:34.377Z] Created draft: drafts.jl-blog-plant-based-protein
[2026-05-21T17:52:35.949Z] Created draft: drafts.jl-blog-plastics
[2026-05-21T17:52:37.520Z] Created draft: drafts.jl-blog-plenity-dosing-for-surgical-weight-loss-patients
[2026-05-21T17:52:38.903Z] Created draft: drafts.jl-blog-plenity
[2026-05-21T17:52:40.452Z] Created draft: drafts.jl-blog-portion-control
[2026-05-21T17:52:41.899Z] Created draft: drafts.jl-blog-portion-management
[2026-05-21T17:52:43.470Z] Created draft: drafts.jl-blog-post-op-bariatric-surgery-diet-video
[2026-05-21T17:52:44.908Z] Created draft: drafts.jl-blog-post-op-discharge-instructions
[2026-05-21T17:52:46.484Z] Created draft: drafts.jl-blog-potassium
[2026-05-21T17:52:48.008Z] Created draft: drafts.jl-blog-power-up-your-day-with-high-protein-snacks
[2026-05-21T17:52:49.579Z] Created draft: drafts.jl-blog-pre-holiday-weight-loss-orbera-gastric-balloon-special
[2026-05-21T17:52:50.948Z] Created draft: drafts.jl-blog-pre-op-ekg-requirements-for-journeylite-surgery-center
[2026-05-21T17:52:52.512Z] Created draft: drafts.jl-blog-pre-op-teaching-video
[2026-05-21T17:52:53.950Z] Created draft: drafts.jl-blog-pre-op-weight-loss
[2026-05-21T17:52:55.538Z] Created draft: drafts.jl-blog-pre-operative-cardiac-clearance
[2026-05-21T17:52:56.982Z] Created draft: drafts.jl-blog-protein-during-weight-loss
[2026-05-21T17:52:58.555Z] Created draft: drafts.jl-blog-protein-facts
[2026-05-21T17:53:00.064Z] Created draft: drafts.jl-blog-protein-supplement-ideas
[2026-05-21T17:53:01.638Z] Created draft: drafts.jl-blog-protein
[2026-05-21T17:53:03.014Z] Created draft: drafts.jl-blog-pureed-stage
[2026-05-21T17:53:04.586Z] Created draft: drafts.jl-blog-q1-patient-satisfaction-surveys
[2026-05-21T17:53:06.026Z] Created draft: drafts.jl-blog-q4-2019-satisfaction-surveys
[2026-05-21T17:53:07.602Z] Created draft: drafts.jl-blog-qsymia-mail-order-program
[2026-05-21T17:53:09.048Z] Created draft: drafts.jl-blog-qsymia-vs-qnexa-whats-the-diff
[2026-05-21T17:53:10.639Z] Created draft: drafts.jl-blog-quick-and-easy-meal-ideas-apps-plans-and-websites
[2026-05-21T17:53:12.123Z] Created draft: drafts.jl-blog-reactive-eating
[2026-05-21T17:53:13.697Z] Created draft: drafts.jl-blog-rebeca-gastric-sleeve-before-and-after
[2026-05-21T17:53:15.085Z] Created draft: drafts.jl-blog-rebeccas-vsg-before-and-after-story
[2026-05-21T17:53:16.664Z] Created draft: drafts.jl-blog-recipe-kalua-pig-in-a-slow-cooker
[2026-05-21T17:53:18.111Z] Created draft: drafts.jl-blog-required-weight-checks
[2026-05-21T17:53:19.687Z] Created draft: drafts.jl-blog-reset-diet-or-habit-refresh-why-quick-fixes-arent-the-answer-to-long-term-bariatric-success
[2026-05-21T17:53:21.144Z] Created draft: drafts.jl-blog-reshape-duo-gastric-balloon-at-journeylite
[2026-05-21T17:53:22.713Z] Created draft: drafts.jl-blog-reshape-gastric-balloon-2
[2026-05-21T17:53:24.183Z] Created draft: drafts.jl-blog-reshape-gastric-balloon-patient-testimonials
[2026-05-21T17:53:25.754Z] Created draft: drafts.jl-blog-reshape-gastric-balloon-success-story
[2026-05-21T17:53:27.749Z] Created draft: drafts.jl-blog-reshape-gastric-balloon
[2026-05-21T17:53:29.183Z] Created draft: drafts.jl-blog-reshape-infosession
[2026-05-21T17:53:30.844Z] Created draft: drafts.jl-blog-reshape-ready-the-new-reshape-gastric-balloon
[2026-05-21T17:53:32.199Z] Created draft: drafts.jl-blog-robin-gastric-bypass-success-story-journeylite-dr-augusta
[2026-05-21T17:53:33.780Z] Created draft: drafts.jl-blog-robins-vsg-before-and-after-story
[2026-05-21T17:53:35.215Z] Created draft: drafts.jl-blog-rosie-odonnell-update
[2026-05-21T17:53:36.809Z] Created draft: drafts.jl-blog-sauces
[2026-05-21T17:53:38.229Z] Created draft: drafts.jl-blog-saxenda-a-new-injectable-weight-loss-medication
[2026-05-21T17:53:39.912Z] Created draft: drafts.jl-blog-self-pay-gastric-sleeve-only-10000
[2026-05-21T17:53:41.289Z] Created draft: drafts.jl-blog-setting-goals-that-actually-stick-a-simple-honest-guide-to-starting-the-new-year-strong-part-2
[2026-05-21T17:53:42.867Z] Created draft: drafts.jl-blog-setting-goals-that-actually-stick-a-simple-honest-guide-to-starting-the-new-year-strong-part-3
[2026-05-21T17:53:44.305Z] Created draft: drafts.jl-blog-setting-goals-that-actually-stick-a-simple-honest-guide-to-starting-the-new-year-strong-part-4
[2026-05-21T17:53:45.883Z] Created draft: drafts.jl-blog-setting-goals-that-actually-stick-a-simple-honest-guide-to-starting-the-new-year-strong
[2026-05-21T17:53:47.313Z] Created draft: drafts.jl-blog-side-effects-of-reshape-gastric-balloon
[2026-05-21T17:53:48.904Z] Created draft: drafts.jl-blog-sips-sadi-lds-versus-sleeve-whats-the-difference
[2026-05-21T17:53:50.395Z] Created draft: drafts.jl-blog-sleep-apnea-cpap
[2026-05-21T17:53:51.976Z] Created draft: drafts.jl-blog-sleep
[2026-05-21T17:53:53.351Z] Created draft: drafts.jl-blog-sleeve-gastrectomy-is-a-less-invasive-option-for-patients-considering-surgical-weight-loss
[2026-05-21T17:53:54.926Z] Created draft: drafts.jl-blog-sleeve-success-story-candi
[2026-05-21T17:53:56.366Z] Created draft: drafts.jl-blog-soda-public-enemy-1
[2026-05-21T17:53:57.947Z] Created draft: drafts.jl-blog-soft-calorie-syndrome
[2026-05-21T17:53:59.411Z] Created draft: drafts.jl-blog-spatz-study
[2026-05-21T17:54:00.968Z] Created draft: drafts.jl-blog-stage-1-clear-liquid-diet
[2026-05-21T17:54:02.453Z] Created draft: drafts.jl-blog-stamping-out-diabetes-with-sleeve-gastrectomy
[2026-05-21T17:54:04.028Z] Created draft: drafts.jl-blog-staple-line-leaks-after-bariatric-surgery
[2026-05-21T17:54:05.426Z] Created draft: drafts.jl-blog-start-small-exercise-habit
[2026-05-21T17:54:06.999Z] Created draft: drafts.jl-blog-start-the-new-year-right-with-a-free-weight-loss-consultation
[2026-05-21T17:54:08.434Z] Created draft: drafts.jl-blog-starts-today
[2026-05-21T17:54:10.030Z] Created draft: drafts.jl-blog-step-out-of-the-winter-blues
[2026-05-21T17:54:11.464Z] Created draft: drafts.jl-blog-stretta-therapy
[2026-05-21T17:54:12.465Z] Created draft: drafts.jl-blog-study-shows-theres-no-such-thing-as-healthy-obesity
[2026-05-21T17:54:13.506Z] Created draft: drafts.jl-blog-sues-gastric-bypass-before-and-after-story
[2026-05-21T17:54:15.052Z] Created draft: drafts.jl-blog-sugary-drinks-linked-to-obesity
[2026-05-21T17:54:16.496Z] Created draft: drafts.jl-blog-supervised-diet
[2026-05-21T17:54:17.504Z] Created draft: drafts.jl-blog-support-group-building-lifelong-habits
[2026-05-21T17:54:18.509Z] Created draft: drafts.jl-blog-support-group-cooking-with-devon
[2026-05-21T17:54:20.086Z] Created draft: drafts.jl-blog-support-group-dietitian-panel
[2026-05-21T17:54:21.518Z] Created draft: drafts.jl-blog-support-group-dr-kurtis-martin
[2026-05-21T17:54:23.111Z] Created draft: drafts.jl-blog-support-group-exercise
[2026-05-21T17:54:24.538Z] Created draft: drafts.jl-blog-support-group-jan-2018
[2026-05-21T17:54:25.557Z] Created draft: drafts.jl-blog-support-group-july-14th-11am
[2026-05-21T17:54:26.571Z] Created draft: drafts.jl-blog-support-group-nky
[2026-05-21T17:54:28.144Z] Created draft: drafts.jl-blog-support-group-wednesday-9-27-2023
[2026-05-21T17:54:29.580Z] Created draft: drafts.jl-blog-support-group-wednesday-september-19th-5pm
[2026-05-21T17:54:31.163Z] Created draft: drafts.jl-blog-support-group-with-dr-jennifer-butterfield
[2026-05-21T17:54:32.599Z] Created draft: drafts.jl-blog-support
[2026-05-21T17:54:34.171Z] Created draft: drafts.jl-blog-surgery-in-dayton-in-2013
[2026-05-21T17:54:35.640Z] Created draft: drafts.jl-blog-surgery-post-op-diet-tips
[2026-05-21T17:54:37.203Z] Created draft: drafts.jl-blog-surgeryplus-transcarent-and-bariatric-surgery
[2026-05-21T17:54:38.654Z] Created draft: drafts.jl-blog-surgical-weight-loss
[2026-05-21T17:54:40.280Z] Created draft: drafts.jl-blog-sync-fitbit-jawbone-fatsecret-fast-track-patient-support-center
[2026-05-21T17:54:41.662Z] Created draft: drafts.jl-blog-test
[2026-05-21T17:54:43.241Z] Created draft: drafts.jl-blog-the-backyard-bbq
[2026-05-21T17:54:44.694Z] Created draft: drafts.jl-blog-the-blueprint-for-meal-structure-after-bariatric-surgery
[2026-05-21T17:54:46.289Z] Created draft: drafts.jl-blog-the-cost-effectiveness-of-gastric-sleeve-surgery-vs-a-lifetime-of-wegovy
[2026-05-21T17:54:47.708Z] Created draft: drafts.jl-blog-the-holidays-dont-define-you
[2026-05-21T17:54:49.281Z] Created draft: drafts.jl-blog-thiamine
[2026-05-21T17:54:50.737Z] Created draft: drafts.jl-blog-this-time-it-counts-weight-loss-surgery-success-stories
[2026-05-21T17:54:52.786Z] Created draft: drafts.jl-blog-tinas-gastric-sleeve-success-dr-james-augusta
[2026-05-21T17:54:54.357Z] Created draft: drafts.jl-blog-tips-for-eating-away-from-home
[2026-05-21T17:54:55.787Z] Created draft: drafts.jl-blog-tirzepatide-pricing
[2026-05-21T17:54:57.326Z] Created draft: drafts.jl-blog-track-weights-and-steps-by-texting-our-patient-support-center
[2026-05-21T17:54:58.802Z] Created draft: drafts.jl-blog-tracy-gastric-sleeve-before-and-after
[2026-05-21T17:55:00.469Z] Created draft: drafts.jl-blog-transform-your-weight-loss-journey-with-the-spatz3-adjustable-gastric-balloon
[2026-05-21T17:55:01.913Z] Created draft: drafts.jl-blog-turkey-legs
[2026-05-21T17:55:03.359Z] Created draft: drafts.jl-blog-type-2-diabetes-medicare
[2026-05-21T17:55:04.877Z] Created draft: drafts.jl-blog-understanding-hair-loss-after-bariatric-surgery
[2026-05-21T17:55:06.418Z] Created draft: drafts.jl-blog-understanding-your-metabolism-after-bariatric-surgery
[2026-05-21T17:55:07.885Z] Created draft: drafts.jl-blog-unlock-your-weight-loss-potential-with-journeylites-glp-1-program
[2026-05-21T17:55:09.408Z] Created draft: drafts.jl-blog-unprecedented-expansion-for-coverage-of-surgical-weight-loss-at-cleveland-clinic-health-system
[2026-05-21T17:55:10.894Z] Created draft: drafts.jl-blog-verify
[2026-05-21T17:55:12.425Z] Created draft: drafts.jl-blog-vitamin-a
[2026-05-21T17:55:13.913Z] Created draft: drafts.jl-blog-vitamin-b12
[2026-05-21T17:55:15.439Z] Created draft: drafts.jl-blog-vitamin-b3-niacin
[2026-05-21T17:55:16.943Z] Created draft: drafts.jl-blog-vitamin-b6-pyridoxine
[2026-05-21T17:55:18.475Z] Created draft: drafts.jl-blog-vitamin-b9-folic-acid
[2026-05-21T17:55:20.047Z] Created draft: drafts.jl-blog-vitamin-c-food-sources
[2026-05-21T17:55:21.473Z] Created draft: drafts.jl-blog-vitamin-d-after-bariatric-surgery
[2026-05-21T17:55:22.969Z] Created draft: drafts.jl-blog-vitamin-d
[2026-05-21T17:55:24.490Z] Created draft: drafts.jl-blog-vitamin-e
[2026-05-21T17:55:25.996Z] Created draft: drafts.jl-blog-vitamin-k
[2026-05-21T17:55:27.506Z] Created draft: drafts.jl-blog-vitamin-supplementation-for-gastric-band-patients
[2026-05-21T17:55:29.014Z] Created draft: drafts.jl-blog-vitamins-after-weight-loss-surgery-90-days-and-beyond
[2026-05-21T17:55:30.535Z] Created draft: drafts.jl-blog-vitamins
[2026-05-21T17:55:32.197Z] Created draft: drafts.jl-blog-walking-for-weight-loss
[2026-05-21T17:55:33.546Z] Created draft: drafts.jl-blog-watch-our-reshape-gastric-balloon-news-segment-from-local12
[2026-05-21T17:55:35.047Z] Created draft: drafts.jl-blog-wegovy
[2026-05-21T17:55:36.568Z] Created draft: drafts.jl-blog-weight-loss-medications-after-phentermine
[2026-05-21T17:55:38.055Z] Created draft: drafts.jl-blog-weight-loss-pill-turns-into-gastric-balloon-when-swallowed
[2026-05-21T17:55:39.586Z] Created draft: drafts.jl-blog-weight-loss-surgery-and-diabetes-new-study-shows-surgery-better-than-diet-and-exercise
[2026-05-21T17:55:41.084Z] Created draft: drafts.jl-blog-weight-loss-surgery-and-hair-loss
[2026-05-21T17:55:42.604Z] Created draft: drafts.jl-blog-weight-loss-surgery-cuts-diabetes-risk-by-78
[2026-05-21T17:55:44.164Z] Created draft: drafts.jl-blog-weight-loss-surgery-in-low-bmi-patients
[2026-05-21T17:55:45.631Z] Created draft: drafts.jl-blog-weight-loss-surgery-indiana
[2026-05-21T17:55:47.122Z] Created draft: drafts.jl-blog-weight-loss-surgery-indianapolis
[2026-05-21T17:55:48.643Z] Created draft: drafts.jl-blog-weight-loss-surgery-now-recommended-type-2-diabetes
[2026-05-21T17:55:50.161Z] Created draft: drafts.jl-blog-weight-loss-surgery-requirements-explained
[2026-05-21T17:55:51.662Z] Created draft: drafts.jl-blog-weight-loss-surgery-reverses-diabetes
[2026-05-21T17:55:53.158Z] Created draft: drafts.jl-blog-weight-loss-surgery-safer-than-previously-thought
[2026-05-21T17:55:54.689Z] Created draft: drafts.jl-blog-weight-loss-surgery-vs-glp-1-receptor-agonists-which-is-better
[2026-05-21T17:55:56.223Z] Created draft: drafts.jl-blog-weight-stalls-after-bariatric-surgery
[2026-05-21T17:55:57.909Z] Created draft: drafts.jl-blog-welcome-new-site
[2026-05-21T17:55:59.203Z] Created draft: drafts.jl-blog-what-really-triggers-nighttime-cravings
[2026-05-21T17:56:00.735Z] Created draft: drafts.jl-blog-what-to-do-after-your-gastric-balloon
[2026-05-21T17:56:02.217Z] Created draft: drafts.jl-blog-whats-cooking-kitchen-bacon-wrapped-guacamole-stuffed-chicken-turnip-chips
[2026-05-21T17:56:03.744Z] Created draft: drafts.jl-blog-whats-cooking-kitchen-honey-cayenne-asparagus-scramble
[2026-05-21T17:56:05.241Z] Created draft: drafts.jl-blog-whats-cooking-kitchen-low-carb-eggs-purgatory-shakshouka
[2026-05-21T17:56:06.771Z] Created draft: drafts.jl-blog-whats-the-deal-with-robotic-surgery
[2026-05-21T17:56:08.278Z] Created draft: drafts.jl-blog-whats-the-scoop-on-qsymia
[2026-05-21T17:56:09.855Z] Created draft: drafts.jl-blog-why-bariatric-vitamins-are-a-must-have-after-weight-loss-surgery
[2026-05-21T17:56:11.303Z] Created draft: drafts.jl-blog-why-surgery-delivers-lasting-weight-loss-when-glp-1s-dont
[2026-05-21T17:56:12.807Z] Created draft: drafts.jl-blog-why-weight-loss-surgery-can-be-a-problem-after-nissen-fundoplication
[2026-05-21T17:56:14.333Z] Created draft: drafts.jl-blog-why-you-need-a-pre-op-diet-before-bariatric-surgery-key-benefits-what-to-expect
[2026-05-21T17:56:16.328Z] Created draft: drafts.jl-blog-willpower-or-decision-fatigue
[2026-05-21T17:56:17.842Z] Created draft: drafts.jl-blog-winter-medical-weight-loss-specials
[2026-05-21T17:56:19.337Z] Created draft: drafts.jl-blog-your-prescriptions-have-been-sent
[2026-05-21T17:56:20.862Z] Created draft: drafts.jl-blog-youtube-support-group-stream-whats-new-market-630pm-tonight-727
[2026-05-21T17:56:22.435Z] Created draft: drafts.jl-blog-zepbound-dosing-and-injection-instructions
[2026-05-21T17:56:23.883Z] Created draft: drafts.jl-blog-zepbound-no-longer-in-shortage-what-this-means-for-compounded-tirzepatide
[2026-05-21T17:56:25.371Z] Created draft: drafts.jl-blog-zepbound-now-prescribing-at-journeylite
[2026-05-21T17:56:26.896Z] Created draft: drafts.jl-blog-zepbound-tirzepatide-a-new-injectable-fda-approved-weight-loss-drug
[2026-05-21T17:56:28.393Z] Created draft: drafts.jl-blog-zepbound-versus-wegovy-zepbound-tirzepatide-superior-to-wegovy-semaglutide-in-early-study
[2026-05-21T17:56:29.911Z] Created draft: drafts.jl-blog-zinc
[2026-05-21T17:56:29.920Z] Import complete. Report: /Users/silascurry/Documents/GitHub/journey-lite/migration/journeylite-blog/reports/import-report.json
[2026-05-21T17:56:29.920Z] Created: 446 | Updated: 0 | Skipped: 0 | Failed: 5
